{
    "metadata": [
        {
            "name": "ACMG additional findings",
            "version": 1.0
        }
    ],
    "ENSG00000139687": {
        "symbol": "RB1",
        "moi": "Biallelic",
        "flags": [
            "category",
            "disease"
        ],
        "specific_type": [],
        "specific_variant": ["p.Asn420Val"]
    }
}
