{
    "metadata": [
        {
            "name": "ACMG additional findings",
            "version": 1.0
        }
    ],
    "ENSG00000134982": {
        "symbol": "APC",
        "moi": "Monoallelic",
        "flags": [
            "category",
            "disease"
        ],
        "specific_type": [],
        "specific_variant": []
    }
}
